
> hex-mastery@0.0.0 build
> depcruise src --config config/dependency-cruiser.cjs && tsc -b && vite build


✔ no dependency violations found (116 modules, 365 dependencies cruised)

src/bots/BotCoach.dynamic.test.ts(25,16): error TS2322: Type 'string' is not assignable to type '"buildRoad" | "buildSettlement" | "buildCity" | "tradeBank" | "rollDice" | "endTurn" | "placeSettlement" | "placeRoad" | "regenerateBoard" | "dismissRobber" | "buyDevCard"'.
src/bots/BotCoach.dynamic.test.ts(25,32): error TS2322: Type 'any[]' is not assignable to type '[] | [string]'.
  Type 'any[]' is not assignable to type '[string]'.
    Target requires 1 element(s) but source may have fewer.
src/bots/BotCoach.dynamic.test.ts(189,25): error TS2345: Argument of type 'string | undefined' is not assignable to parameter of type 'string'.
  Type 'undefined' is not assignable to type 'string'.
src/bots/BotCoach.test.ts(32,16): error TS2322: Type 'string' is not assignable to type '"buildRoad" | "buildSettlement" | "buildCity" | "tradeBank" | "rollDice" | "endTurn" | "placeSettlement" | "placeRoad" | "regenerateBoard" | "dismissRobber" | "buyDevCard"'.
src/bots/BotCoach.test.ts(32,32): error TS2322: Type 'any[]' is not assignable to type '[] | [string]'.
  Type 'any[]' is not assignable to type '[string]'.
    Target requires 1 element(s) but source may have fewer.
src/game/ai/enumerator.ts(10,5): error TS2322: Type 'string' is not assignable to type '"buildRoad" | "buildSettlement" | "buildCity" | "tradeBank" | "rollDice" | "endTurn" | "placeSettlement" | "placeRoad" | "regenerateBoard" | "dismissRobber" | "buyDevCard"'.
src/game/ai/enumerator.ts(11,5): error TS2322: Type 'any[]' is not assignable to type '[] | [string]'.
  Type 'any[]' is not assignable to type '[string]'.
    Target requires 1 element(s) but source may have fewer.
